Xshell 4 (Build 0123)
Copyright (c) 2002-2013 NetSarang Computer, Inc. All rights reserved.

Type `help' to learn how to use Xshell prompt.
Xshell:\> 

Connecting to 192.168.13.130:22...
Connection established.
To escape to local shell, press 'Ctrl+Alt+]'.

Last login: Sat Jul  1 17:26:51 2017 from 192.168.13.1
[maomao@grace ~]$ cd
[maomao@grace ~]$ cd soft/
[maomao@grace soft]$ cd hadoop-2.6.0
[maomao@grace hadoop-2.6.0]$ sbin/start-all.sh
This script is Deprecated. Instead use start-dfs.sh and start-yarn.sh
17/07/03 01:15:05 WARN util.NativeCodeLoader: Unable to load native-hadoop library for your platform... using builtin-java classes where applicable
Starting namenodes on [grace]
grace: starting namenode, logging to /home/maomao/soft/hadoop-2.6.0/logs/hadoop-maomao-namenode-grace.out
localhost: starting datanode, logging to /home/maomao/soft/hadoop-2.6.0/logs/hadoop-maomao-datanode-grace.out
Starting secondary namenodes [0.0.0.0]
0.0.0.0: starting secondarynamenode, logging to /home/maomao/soft/hadoop-2.6.0/logs/hadoop-maomao-secondarynamenode-grace.out
17/07/03 01:15:37 WARN util.NativeCodeLoader: Unable to load native-hadoop library for your platform... using builtin-java classes where applicable
starting yarn daemons
starting resourcemanager, logging to /home/maomao/soft/hadoop-2.6.0/logs/yarn-maomao-resourcemanager-grace.out
localhost: starting nodemanager, logging to /home/maomao/soft/hadoop-2.6.0/logs/yarn-maomao-nodemanager-grace.out
[maomao@grace hadoop-2.6.0]$ jps
3489 SecondaryNameNode
3315 DataNode
3220 NameNode
3644 ResourceManager
3741 NodeManager
3775 Jps
[maomao@grace hadoop-2.6.0]$ sbin/stop-all.sh
This script is Deprecated. Instead use stop-dfs.sh and stop-yarn.sh
17/07/03 01:15:58 WARN util.NativeCodeLoader: Unable to load native-hadoop library for your platform... using builtin-java classes where applicable
Stopping namenodes on [grace]
grace: stopping namenode
localhost: stopping datanode
Stopping secondary namenodes [0.0.0.0]
0.0.0.0: stopping secondarynamenode
17/07/03 01:16:19 WARN util.NativeCodeLoader: Unable to load native-hadoop library for your platform... using builtin-java classes where applicable
stopping yarn daemons
stopping resourcemanager
localhost: stopping nodemanager
no proxyserver to stop
[maomao@grace hadoop-2.6.0]$ jps
4493 Jps
[maomao@grace hadoop-2.6.0]$ sbin/start-all.sh
This script is Deprecated. Instead use start-dfs.sh and start-yarn.sh
17/07/03 01:17:13 WARN util.NativeCodeLoader: Unable to load native-hadoop library for your platform... using builtin-java classes where applicable
Starting namenodes on [grace]
grace: starting namenode, logging to /home/maomao/soft/hadoop-2.6.0/logs/hadoop-maomao-namenode-grace.out
localhost: starting datanode, logging to /home/maomao/soft/hadoop-2.6.0/logs/hadoop-maomao-datanode-grace.out
Starting secondary namenodes [0.0.0.0]
0.0.0.0: starting secondarynamenode, logging to /home/maomao/soft/hadoop-2.6.0/logs/hadoop-maomao-secondarynamenode-grace.out
17/07/03 01:17:33 WARN util.NativeCodeLoader: Unable to load native-hadoop library for your platform... using builtin-java classes where applicable
starting yarn daemons
starting resourcemanager, logging to /home/maomao/soft/hadoop-2.6.0/logs/yarn-maomao-resourcemanager-grace.out
localhost: starting nodemanager, logging to /home/maomao/soft/hadoop-2.6.0/logs/yarn-maomao-nodemanager-grace.out
[maomao@grace hadoop-2.6.0]$ jps
4614 NameNode
5448 Jps
5035 ResourceManager
5132 NodeManager
4892 SecondaryNameNode
4735 DataNode
[maomao@grace hadoop-2.6.0]$ bin/hadoop fs -mkdir -p /wc/input
17/07/03 01:19:25 WARN util.NativeCodeLoader: Unable to load native-hadoop library for your platform... using builtin-java classes where applicable
[maomao@grace hadoop-2.6.0]$ bin/hadoop fs -put
-put: Not enough arguments: expected 1 but got 0
Usage: hadoop fs [generic options] -put [-f] [-p] [-l] <localsrc> ... <dst>
[maomao@grace hadoop-2.6.0]$ ll
total 56
drwxr-xr-x. 2 maomao maomao  4096 Nov 14  2014 bin
drwxr-xr-x. 3 maomao maomao  4096 Nov 14  2014 etc
drwxr-xr-x. 2 maomao maomao  4096 Nov 14  2014 include
drwxr-xr-x. 3 maomao maomao  4096 Nov 14  2014 lib
drwxr-xr-x. 2 maomao maomao  4096 Nov 14  2014 libexec
-rw-r--r--. 1 maomao maomao 15429 Nov 14  2014 LICENSE.txt
drwxrwxr-x. 3 maomao maomao  4096 Jul  3 01:17 logs
-rw-r--r--. 1 maomao maomao   101 Nov 14  2014 NOTICE.txt
-rw-r--r--. 1 maomao maomao  1366 Nov 14  2014 README.txt
drwxr-xr-x. 2 maomao maomao  4096 Nov 14  2014 sbin
drwxr-xr-x. 4 maomao maomao  4096 Nov 14  2014 share
[maomao@grace hadoop-2.6.0]$ bin/hadoop fs -put README.txt  /wc/input
17/07/03 01:30:49 WARN util.NativeCodeLoader: Unable to load native-hadoop library for your platform... using builtin-java classes where applicable
[maomao@grace hadoop-2.6.0]$ bin/hadoop
Usage: hadoop [--config confdir] COMMAND
       where COMMAND is one of:
  fs                   run a generic filesystem user client
  version              print the version
  jar <jar>            run a jar file
  checknative [-a|-h]  check native hadoop and compression libraries availability
  distcp <srcurl> <desturl> copy file or directories recursively
  archive -archiveName NAME -p <parent path> <src>* <dest> create a hadoop archive
  classpath            prints the class path needed to get the
  credential           interact with credential providers
                       Hadoop jar and the required libraries
  daemonlog            get/set the log level for each daemon
  trace                view and modify Hadoop tracing settings
 or
  CLASSNAME            run the class named CLASSNAME

Most commands print help when invoked w/o parameters.
[maomao@grace hadoop-2.6.0]$ bin/hadoop jar ~/wc.jar /wc/input /wc/output
Exception in thread "main" java.lang.ClassNotFoundException: /wc/input
	at java.lang.Class.forName0(Native Method)
	at java.lang.Class.forName(Class.java:348)
	at org.apache.hadoop.util.RunJar.run(RunJar.java:214)
	at org.apache.hadoop.util.RunJar.main(RunJar.java:136)
[maomao@grace hadoop-2.6.0]$ bin/hadoop jar ~/wc.jar com.test.hadoop.mr.WCRunner  /wc/input /wc/output
17/07/03 03:47:19 WARN util.NativeCodeLoader: Unable to load native-hadoop library for your platform... using builtin-java classes where applicable
17/07/03 03:47:21 INFO client.RMProxy: Connecting to ResourceManager at /0.0.0.0:8032
17/07/03 03:47:22 WARN mapreduce.JobSubmitter: Hadoop command-line option parsing not performed. Implement the Tool interface and execute your application with ToolRunner to remedy this.
17/07/03 03:47:25 INFO input.FileInputFormat: Total input paths to process : 1
17/07/03 03:47:25 INFO mapreduce.JobSubmitter: number of splits:1
17/07/03 03:47:26 INFO mapreduce.JobSubmitter: Submitting tokens for job: job_1499015858950_0001
17/07/03 03:47:27 INFO impl.YarnClientImpl: Submitted application application_1499015858950_0001
17/07/03 03:47:27 INFO mapreduce.Job: The url to track the job: http://grace:8088/proxy/application_1499015858950_0001/
17/07/03 03:47:27 INFO mapreduce.Job: Running job: job_1499015858950_0001
17/07/03 03:47:58 INFO mapreduce.Job: Job job_1499015858950_0001 running in uber mode : false
17/07/03 03:47:58 INFO mapreduce.Job:  map 0% reduce 0%
17/07/03 03:48:06 INFO mapreduce.Job: Task Id : attempt_1499015858950_0001_m_000000_0, Status : FAILED
Error: java.io.IOException: Unable to initialize any output collector
	at org.apache.hadoop.mapred.MapTask.createSortingCollector(MapTask.java:412)
	at org.apache.hadoop.mapred.MapTask.access$100(MapTask.java:81)
	at org.apache.hadoop.mapred.MapTask$NewOutputCollector.<init>(MapTask.java:695)
	at org.apache.hadoop.mapred.MapTask.runNewMapper(MapTask.java:767)
	at org.apache.hadoop.mapred.MapTask.run(MapTask.java:341)
	at org.apache.hadoop.mapred.YarnChild$2.run(YarnChild.java:163)
	at java.security.AccessController.doPrivileged(Native Method)
	at javax.security.auth.Subject.doAs(Subject.java:422)
	at org.apache.hadoop.security.UserGroupInformation.doAs(UserGroupInformation.java:1628)
	at org.apache.hadoop.mapred.YarnChild.main(YarnChild.java:158)

17/07/03 03:48:12 INFO mapreduce.Job: Task Id : attempt_1499015858950_0001_m_000000_1, Status : FAILED
Error: java.io.IOException: Unable to initialize any output collector
	at org.apache.hadoop.mapred.MapTask.createSortingCollector(MapTask.java:412)
	at org.apache.hadoop.mapred.MapTask.access$100(MapTask.java:81)
	at org.apache.hadoop.mapred.MapTask$NewOutputCollector.<init>(MapTask.java:695)
	at org.apache.hadoop.mapred.MapTask.runNewMapper(MapTask.java:767)
	at org.apache.hadoop.mapred.MapTask.run(MapTask.java:341)
	at org.apache.hadoop.mapred.YarnChild$2.run(YarnChild.java:163)
	at java.security.AccessController.doPrivileged(Native Method)
	at javax.security.auth.Subject.doAs(Subject.java:422)
	at org.apache.hadoop.security.UserGroupInformation.doAs(UserGroupInformation.java:1628)
	at org.apache.hadoop.mapred.YarnChild.main(YarnChild.java:158)

17/07/03 03:48:19 INFO mapreduce.Job: Task Id : attempt_1499015858950_0001_m_000000_2, Status : FAILED
Error: java.io.IOException: Unable to initialize any output collector
	at org.apache.hadoop.mapred.MapTask.createSortingCollector(MapTask.java:412)
	at org.apache.hadoop.mapred.MapTask.access$100(MapTask.java:81)
	at org.apache.hadoop.mapred.MapTask$NewOutputCollector.<init>(MapTask.java:695)
	at org.apache.hadoop.mapred.MapTask.runNewMapper(MapTask.java:767)
	at org.apache.hadoop.mapred.MapTask.run(MapTask.java:341)
	at org.apache.hadoop.mapred.YarnChild$2.run(YarnChild.java:163)
	at java.security.AccessController.doPrivileged(Native Method)
	at javax.security.auth.Subject.doAs(Subject.java:422)
	at org.apache.hadoop.security.UserGroupInformation.doAs(UserGroupInformation.java:1628)
	at org.apache.hadoop.mapred.YarnChild.main(YarnChild.java:158)

17/07/03 03:48:27 INFO mapreduce.Job:  map 100% reduce 100%
17/07/03 03:48:28 INFO mapreduce.Job: Job job_1499015858950_0001 failed with state FAILED due to: Task failed task_1499015858950_0001_m_000000
Job failed as tasks failed. failedMaps:1 failedReduces:0

17/07/03 03:48:28 INFO mapreduce.Job: Counters: 9
	Job Counters 
		Failed map tasks=4
		Launched map tasks=4
		Other local map tasks=3
		Data-local map tasks=1
		Total time spent by all maps in occupied slots (ms)=21571
		Total time spent by all reduces in occupied slots (ms)=0
		Total time spent by all map tasks (ms)=21571
		Total vcore-seconds taken by all map tasks=21571
		Total megabyte-seconds taken by all map tasks=22088704
[maomao@grace hadoop-2.6.0]$ bin/hadoop fs -ls /wc/output
17/07/03 03:50:16 WARN util.NativeCodeLoader: Unable to load native-hadoop library for your platform... using builtin-java classes where applicable
ls: `/wc/output': No such file or directory
[maomao@grace hadoop-2.6.0]$ 